[2024-07-09T02:18:59.930Z] Navigated to https://www.saucedemo.com/ and Verified the title
[2024-07-09T02:18:59.936Z] Redirected to Web Page Url
[2024-07-09T02:18:59.952Z] "Entered Username",standard_user
[2024-07-09T02:18:59.972Z] "Entered Password for ",standard_user :sGiven User
[2024-07-09T02:19:00.047Z] Click on the Submit button
[2024-07-09T02:19:00.049Z] Verified Logged in Successful
[2024-07-09T02:19:00.049Z] ****** LoggedIn Successful ******
[2024-07-09T02:19:02.168Z] ****** Added Sauce Labs Backpack******
[2024-07-09T02:19:04.331Z] ****** Added Sauce Labs Bike Light******
[2024-07-09T02:19:06.499Z] ****** Added Sauce Labs Bolt T-Shirt******
[2024-07-09T02:19:08.560Z] ****** Item Added on Cart ******
[2024-07-09T02:19:08.564Z] ****** Verified QTY, Description and Your Cart text on Cart page ******
[2024-07-09T02:19:08.590Z] ****** Verified Added Items on Cart such as Sauce Labs Backpack, Sauce Labs Bike Light, Sauce Labs Bolt T-Shirt ******
[2024-07-09T02:19:08.649Z] Clicked on Checkout button
[2024-07-09T02:19:08.650Z] ****** Click on the Checkout button ******
[2024-07-09T02:19:08.716Z] ****** Entered all necessary information on the checkout page ******
[2024-07-09T02:19:08.721Z] Verified Checkout page 
[2024-07-09T02:19:08.745Z] ******Price Verified ****** 
[2024-07-09T02:19:08.797Z] ****** Clicked on Finish Button ****** 
[2024-07-09T02:19:08.800Z] ****** Verified Order completed page ****** 
[2024-07-09T02:19:08.847Z] ****** Test Completeed ****** 
